run dir: runs/il_alldays_equalsteps_0804  device: mps  git sha: e0aa61f974e6
train source: hub Rami/ptcg-episodes (16 shards, 15032 episodes, 4 workers)
eval source:  hub Rami/ptcg-episodes (4 shards)
model params: 3,318,721 (3.32M)
total steps for this schedule: 38562 (15032 episodes x 181.3 rows/ep / batch 64 x 3 epochs-equivalent)
step 200/38562 train_loss=1.3898 train_acc=0.4684 lr=3.00e-04 grad_norm=2.845 (6.98 steps/s, 28.7s)
step 400/38562 train_loss=1.2540 train_acc=0.5405 lr=3.00e-04 grad_norm=2.838 (8.15 steps/s, 53.2s)
step 600/38562 train_loss=1.2431 train_acc=0.5423 lr=3.00e-04 grad_norm=2.627 (9.51 steps/s, 74.2s)
step 800/38562 train_loss=1.1174 train_acc=0.5893 lr=3.00e-04 grad_norm=2.731 (9.41 steps/s, 95.5s)
step 1000/38562 train_loss=1.1376 train_acc=0.5809 lr=3.00e-04 grad_norm=2.779 (10.13 steps/s, 115.2s)
step 1200/38562 train_loss=1.1115 train_acc=0.5889 lr=2.99e-04 grad_norm=3.309 (8.90 steps/s, 137.7s)
step 1400/38562 train_loss=1.0807 train_acc=0.5974 lr=2.99e-04 grad_norm=2.733 (8.89 steps/s, 160.2s)
step 1600/38562 train_loss=1.0859 train_acc=0.5920 lr=2.99e-04 grad_norm=2.715 (9.47 steps/s, 181.3s)
step 1800/38562 train_loss=1.0585 train_acc=0.6151 lr=2.99e-04 grad_norm=3.033 (8.34 steps/s, 205.3s)
step 2000/38562 train_loss=1.0366 train_acc=0.6215 lr=2.98e-04 grad_norm=2.903 (9.76 steps/s, 225.8s)
step 2200/38562 train_loss=1.0818 train_acc=0.6034 lr=2.98e-04 grad_norm=4.018 (9.16 steps/s, 247.6s)
step 2400/38562 train_loss=1.0471 train_acc=0.6185 lr=2.98e-04 grad_norm=2.588 (8.50 steps/s, 271.1s)
step 2600/38562 train_loss=1.0078 train_acc=0.6271 lr=2.97e-04 grad_norm=3.013 (9.14 steps/s, 293.0s)
step 2800/38562 train_loss=1.0005 train_acc=0.6265 lr=2.97e-04 grad_norm=2.724 (9.21 steps/s, 314.7s)
step 3000/38562 train_loss=1.0116 train_acc=0.6312 lr=2.96e-04 grad_norm=2.746 (8.47 steps/s, 338.3s)
step 3200/38562 train_loss=0.9526 train_acc=0.6531 lr=2.95e-04 grad_norm=2.969 (9.64 steps/s, 359.0s)
step 3400/38562 train_loss=0.9541 train_acc=0.6519 lr=2.95e-04 grad_norm=3.011 (9.35 steps/s, 380.4s)
step 3600/38562 train_loss=0.9861 train_acc=0.6362 lr=2.94e-04 grad_norm=3.798 (8.96 steps/s, 402.8s)
step 3800/38562 train_loss=0.9383 train_acc=0.6556 lr=2.94e-04 grad_norm=2.677 (9.61 steps/s, 423.6s)
step 4000/38562 train_loss=0.8309 train_acc=0.6989 lr=2.93e-04 grad_norm=3.384 (11.08 steps/s, 441.6s)
step 4200/38562 train_loss=0.9926 train_acc=0.6327 lr=2.92e-04 grad_norm=2.458 (8.42 steps/s, 465.4s)
step 4400/38562 train_loss=0.9753 train_acc=0.6405 lr=2.91e-04 grad_norm=2.496 (9.35 steps/s, 486.7s)
step 4600/38562 train_loss=0.9395 train_acc=0.6591 lr=2.90e-04 grad_norm=3.059 (8.71 steps/s, 509.7s)
step 4800/38562 train_loss=0.9794 train_acc=0.6453 lr=2.89e-04 grad_norm=2.588 (9.56 steps/s, 530.6s)
step 5000/38562 train_loss=0.9381 train_acc=0.6549 lr=2.89e-04 grad_norm=2.951 (8.94 steps/s, 553.0s)
step 5200/38562 train_loss=0.9218 train_acc=0.6582 lr=2.88e-04 grad_norm=3.535 (9.60 steps/s, 573.8s)
step 5400/38562 train_loss=0.9621 train_acc=0.6508 lr=2.87e-04 grad_norm=2.182 (7.70 steps/s, 599.8s)
step 5600/38562 train_loss=0.9419 train_acc=0.6589 lr=2.86e-04 grad_norm=3.175 (8.17 steps/s, 624.3s)
step 5800/38562 train_loss=0.9554 train_acc=0.6501 lr=2.85e-04 grad_norm=2.862 (8.85 steps/s, 646.9s)
step 6000/38562 train_loss=0.9269 train_acc=0.6563 lr=2.83e-04 grad_norm=5.139 (9.38 steps/s, 668.2s)
step 6200/38562 train_loss=0.9186 train_acc=0.6590 lr=2.82e-04 grad_norm=4.134 (8.58 steps/s, 691.5s)
step 6400/38562 train_loss=0.9224 train_acc=0.6606 lr=2.81e-04 grad_norm=2.744 (8.95 steps/s, 713.9s)
step 6600/38562 train_loss=0.9413 train_acc=0.6514 lr=2.80e-04 grad_norm=3.249 (8.05 steps/s, 738.7s)
step 6800/38562 train_loss=0.9056 train_acc=0.6681 lr=2.79e-04 grad_norm=2.342 (8.91 steps/s, 761.2s)
step 7000/38562 train_loss=0.9184 train_acc=0.6597 lr=2.77e-04 grad_norm=2.591 (9.27 steps/s, 782.7s)
step 7200/38562 train_loss=0.8879 train_acc=0.6720 lr=2.76e-04 grad_norm=3.001 (9.60 steps/s, 803.6s)
step 7400/38562 train_loss=0.8961 train_acc=0.6716 lr=2.75e-04 grad_norm=2.317 (9.91 steps/s, 823.7s)
step 7600/38562 train_loss=0.9147 train_acc=0.6600 lr=2.73e-04 grad_norm=2.725 (8.95 steps/s, 846.1s)
step 7800/38562 train_loss=0.8844 train_acc=0.6761 lr=2.72e-04 grad_norm=10.600 (8.94 steps/s, 868.5s)
step 8000/38562 train_loss=0.8649 train_acc=0.6863 lr=2.70e-04 grad_norm=2.681 (8.45 steps/s, 892.1s)
step 8200/38562 train_loss=0.8975 train_acc=0.6713 lr=2.69e-04 grad_norm=2.427 (7.70 steps/s, 918.1s)
step 8400/38562 train_loss=0.9044 train_acc=0.6709 lr=2.67e-04 grad_norm=2.052 (8.58 steps/s, 941.4s)
step 8600/38562 train_loss=0.9043 train_acc=0.6691 lr=2.66e-04 grad_norm=2.461 (8.45 steps/s, 965.1s)
step 8800/38562 train_loss=0.8699 train_acc=0.6817 lr=2.64e-04 grad_norm=2.408 (7.85 steps/s, 990.5s)
step 9000/38562 train_loss=0.8460 train_acc=0.6928 lr=2.63e-04 grad_norm=3.082 (9.12 steps/s, 1012.5s)
step 9200/38562 train_loss=0.8860 train_acc=0.6745 lr=2.61e-04 grad_norm=3.173 (7.49 steps/s, 1039.2s)
step 9400/38562 train_loss=0.8961 train_acc=0.6690 lr=2.59e-04 grad_norm=3.404 (9.19 steps/s, 1060.9s)
step 9600/38562 train_loss=0.8915 train_acc=0.6749 lr=2.58e-04 grad_norm=2.589 (9.27 steps/s, 1082.5s)
step 9800/38562 train_loss=0.8438 train_acc=0.6916 lr=2.56e-04 grad_norm=3.198 (8.67 steps/s, 1105.6s)
step 10000/38562 train_loss=0.8597 train_acc=0.6824 lr=2.54e-04 grad_norm=2.476 (7.85 steps/s, 1131.0s)
step 10000/38562 eval -- loss=0.8804 acc=0.6894 top3=0.9198 entropy_norm=0.4430 ece=0.0452 (majority baseline 0.381)
Writing model shards:   0%|          | 0/1 [00:00<?, ?it/s]Writing model shards: 100%|██████████| 1/1 [00:00<00:00, 43.23it/s]
checkpoint saved to models/il_alldays_equalsteps_0804 (best, eval_acc=0.6894)
step 10200/38562 train_loss=0.8480 train_acc=0.6987 lr=2.52e-04 grad_norm=2.701 (6.65 steps/s, 1161.1s)
step 10400/38562 train_loss=0.8756 train_acc=0.6723 lr=2.51e-04 grad_norm=2.758 (7.51 steps/s, 1187.7s)
step 10600/38562 train_loss=0.8621 train_acc=0.6792 lr=2.49e-04 grad_norm=2.529 (9.71 steps/s, 1208.3s)
step 10800/38562 train_loss=0.8741 train_acc=0.6763 lr=2.47e-04 grad_norm=3.147 (9.74 steps/s, 1228.8s)
step 11000/38562 train_loss=0.8589 train_acc=0.6859 lr=2.45e-04 grad_norm=2.662 (7.92 steps/s, 1254.1s)
step 11200/38562 train_loss=0.8091 train_acc=0.6980 lr=2.43e-04 grad_norm=2.987 (8.25 steps/s, 1278.3s)
step 11400/38562 train_loss=0.8405 train_acc=0.6873 lr=2.41e-04 grad_norm=4.276 (8.76 steps/s, 1301.2s)
step 11600/38562 train_loss=0.8048 train_acc=0.7059 lr=2.39e-04 grad_norm=2.298 (9.32 steps/s, 1322.6s)
step 11800/38562 train_loss=0.8174 train_acc=0.7050 lr=2.37e-04 grad_norm=4.011 (8.07 steps/s, 1347.4s)
step 12000/38562 train_loss=0.7926 train_acc=0.7096 lr=2.35e-04 grad_norm=3.127 (8.41 steps/s, 1371.2s)
step 12200/38562 train_loss=0.7828 train_acc=0.7073 lr=2.33e-04 grad_norm=2.580 (8.58 steps/s, 1394.5s)
step 12400/38562 train_loss=0.7906 train_acc=0.7127 lr=2.31e-04 grad_norm=2.864 (8.41 steps/s, 1418.3s)
step 12600/38562 train_loss=0.7708 train_acc=0.7204 lr=2.29e-04 grad_norm=3.114 (8.27 steps/s, 1442.5s)
step 12800/38562 train_loss=0.7956 train_acc=0.7055 lr=2.27e-04 grad_norm=2.708 (8.64 steps/s, 1465.7s)
step 13000/38562 train_loss=0.7693 train_acc=0.7131 lr=2.25e-04 grad_norm=3.261 (9.45 steps/s, 1486.8s)
step 13200/38562 train_loss=0.7994 train_acc=0.7045 lr=2.23e-04 grad_norm=2.664 (7.56 steps/s, 1513.3s)
step 13400/38562 train_loss=0.8136 train_acc=0.7002 lr=2.21e-04 grad_norm=2.444 (8.53 steps/s, 1536.7s)
step 13600/38562 train_loss=0.7775 train_acc=0.7160 lr=2.18e-04 grad_norm=2.196 (8.89 steps/s, 1559.2s)
step 13800/38562 train_loss=0.7893 train_acc=0.7113 lr=2.16e-04 grad_norm=2.605 (7.72 steps/s, 1585.1s)
step 14000/38562 train_loss=0.7665 train_acc=0.7202 lr=2.14e-04 grad_norm=2.452 (10.24 steps/s, 1604.7s)
step 14200/38562 train_loss=0.7886 train_acc=0.7041 lr=2.12e-04 grad_norm=2.899 (10.35 steps/s, 1624.0s)
step 14400/38562 train_loss=0.7914 train_acc=0.7117 lr=2.10e-04 grad_norm=1.942 (9.05 steps/s, 1646.1s)
step 14600/38562 train_loss=0.8105 train_acc=0.7072 lr=2.07e-04 grad_norm=2.395 (7.84 steps/s, 1671.6s)
step 14800/38562 train_loss=0.8062 train_acc=0.7045 lr=2.05e-04 grad_norm=3.063 (8.72 steps/s, 1694.5s)
step 15000/38562 train_loss=0.7634 train_acc=0.7177 lr=2.03e-04 grad_norm=2.938 (9.44 steps/s, 1715.7s)
step 15200/38562 train_loss=0.7543 train_acc=0.7170 lr=2.00e-04 grad_norm=2.033 (8.60 steps/s, 1739.0s)
step 15400/38562 train_loss=0.7656 train_acc=0.7222 lr=1.98e-04 grad_norm=2.614 (7.97 steps/s, 1764.1s)
step 15600/38562 train_loss=0.7811 train_acc=0.7080 lr=1.96e-04 grad_norm=2.386 (9.62 steps/s, 1784.9s)
step 15800/38562 train_loss=0.8022 train_acc=0.7047 lr=1.93e-04 grad_norm=2.044 (8.43 steps/s, 1808.6s)
step 16000/38562 train_loss=0.7938 train_acc=0.7072 lr=1.91e-04 grad_norm=2.569 (9.45 steps/s, 1829.8s)
step 16200/38562 train_loss=0.7931 train_acc=0.7091 lr=1.89e-04 grad_norm=3.451 (9.47 steps/s, 1850.9s)
step 16400/38562 train_loss=0.8100 train_acc=0.6973 lr=1.86e-04 grad_norm=2.650 (8.71 steps/s, 1873.8s)
step 16600/38562 train_loss=0.7970 train_acc=0.7043 lr=1.84e-04 grad_norm=3.335 (9.56 steps/s, 1894.8s)
step 16800/38562 train_loss=0.7787 train_acc=0.7147 lr=1.81e-04 grad_norm=2.544 (8.39 steps/s, 1918.6s)
step 17000/38562 train_loss=0.8102 train_acc=0.7036 lr=1.79e-04 grad_norm=2.337 (9.66 steps/s, 1939.3s)
step 17200/38562 train_loss=0.7584 train_acc=0.7205 lr=1.77e-04 grad_norm=2.144 (9.32 steps/s, 1960.8s)
step 17400/38562 train_loss=0.7791 train_acc=0.7145 lr=1.74e-04 grad_norm=3.640 (10.64 steps/s, 1979.6s)
step 17600/38562 train_loss=0.7984 train_acc=0.7092 lr=1.72e-04 grad_norm=2.743 (10.00 steps/s, 1999.6s)
step 17800/38562 train_loss=0.7823 train_acc=0.7151 lr=1.69e-04 grad_norm=2.274 (9.17 steps/s, 2021.4s)
step 18000/38562 train_loss=0.7564 train_acc=0.7275 lr=1.67e-04 grad_norm=2.270 (8.61 steps/s, 2044.6s)
step 18200/38562 train_loss=0.7923 train_acc=0.7106 lr=1.64e-04 grad_norm=2.250 (9.22 steps/s, 2066.3s)
step 18400/38562 train_loss=0.7589 train_acc=0.7232 lr=1.62e-04 grad_norm=2.332 (8.44 steps/s, 2090.0s)
step 18600/38562 train_loss=0.7481 train_acc=0.7265 lr=1.60e-04 grad_norm=2.236 (9.73 steps/s, 2110.5s)
step 18800/38562 train_loss=0.7308 train_acc=0.7315 lr=1.57e-04 grad_norm=2.036 (9.07 steps/s, 2132.6s)
step 19000/38562 train_loss=0.7678 train_acc=0.7216 lr=1.55e-04 grad_norm=2.296 (8.92 steps/s, 2155.0s)
step 19200/38562 train_loss=0.7779 train_acc=0.7147 lr=1.52e-04 grad_norm=2.604 (9.29 steps/s, 2176.5s)
step 19400/38562 train_loss=0.7418 train_acc=0.7277 lr=1.50e-04 grad_norm=2.562 (7.92 steps/s, 2201.8s)
step 19600/38562 train_loss=0.7583 train_acc=0.7255 lr=1.47e-04 grad_norm=2.986 (9.22 steps/s, 2223.5s)
step 19800/38562 train_loss=0.7504 train_acc=0.7241 lr=1.45e-04 grad_norm=1.858 (8.54 steps/s, 2246.9s)
step 20000/38562 train_loss=0.7748 train_acc=0.7189 lr=1.42e-04 grad_norm=2.373 (7.80 steps/s, 2272.5s)
step 20000/38562 eval -- loss=0.7901 acc=0.7073 top3=0.9367 entropy_norm=0.4534 ece=0.0236 (majority baseline 0.381)
Writing model shards:   0%|          | 0/1 [00:00<?, ?it/s]Writing model shards: 100%|██████████| 1/1 [00:00<00:00, 23.46it/s]
checkpoint saved to models/il_alldays_equalsteps_0804 (best, eval_acc=0.7073)
step 20200/38562 train_loss=0.7817 train_acc=0.7165 lr=1.40e-04 grad_norm=2.455 (5.83 steps/s, 2306.9s)
step 20400/38562 train_loss=0.7280 train_acc=0.7329 lr=1.38e-04 grad_norm=2.557 (9.97 steps/s, 2326.9s)
step 20600/38562 train_loss=0.7769 train_acc=0.7116 lr=1.35e-04 grad_norm=2.583 (10.53 steps/s, 2345.9s)
step 20800/38562 train_loss=0.7596 train_acc=0.7179 lr=1.33e-04 grad_norm=2.268 (8.83 steps/s, 2368.6s)
step 21000/38562 train_loss=0.7671 train_acc=0.7191 lr=1.30e-04 grad_norm=2.510 (7.94 steps/s, 2393.8s)
step 21200/38562 train_loss=0.7935 train_acc=0.7088 lr=1.28e-04 grad_norm=2.065 (8.61 steps/s, 2417.0s)
step 21400/38562 train_loss=0.7811 train_acc=0.7098 lr=1.25e-04 grad_norm=2.794 (8.82 steps/s, 2439.7s)
step 21600/38562 train_loss=0.7900 train_acc=0.7080 lr=1.23e-04 grad_norm=2.434 (8.93 steps/s, 2462.0s)
step 21800/38562 train_loss=0.7753 train_acc=0.7158 lr=1.20e-04 grad_norm=2.572 (8.40 steps/s, 2485.9s)
step 22000/38562 train_loss=0.7670 train_acc=0.7188 lr=1.18e-04 grad_norm=2.172 (8.16 steps/s, 2510.4s)
step 22200/38562 train_loss=0.7605 train_acc=0.7191 lr=1.16e-04 grad_norm=2.098 (9.09 steps/s, 2532.4s)
step 22400/38562 train_loss=0.7591 train_acc=0.7189 lr=1.13e-04 grad_norm=3.035 (8.09 steps/s, 2557.1s)
step 22600/38562 train_loss=0.7656 train_acc=0.7156 lr=1.11e-04 grad_norm=2.772 (8.35 steps/s, 2581.0s)
step 22800/38562 train_loss=0.7708 train_acc=0.7159 lr=1.09e-04 grad_norm=2.602 (8.85 steps/s, 2603.6s)
step 23000/38562 train_loss=0.7529 train_acc=0.7210 lr=1.06e-04 grad_norm=2.882 (8.12 steps/s, 2628.3s)
step 23200/38562 train_loss=0.6771 train_acc=0.7532 lr=1.04e-04 grad_norm=3.385 (8.75 steps/s, 2651.1s)
step 23400/38562 train_loss=0.7109 train_acc=0.7353 lr=1.02e-04 grad_norm=1.852 (8.73 steps/s, 2674.0s)
step 23600/38562 train_loss=0.7440 train_acc=0.7286 lr=9.92e-05 grad_norm=2.847 (9.35 steps/s, 2695.4s)
step 23800/38562 train_loss=0.7501 train_acc=0.7249 lr=9.69e-05 grad_norm=2.557 (8.46 steps/s, 2719.0s)
step 24000/38562 train_loss=0.7873 train_acc=0.7102 lr=9.46e-05 grad_norm=2.507 (10.47 steps/s, 2738.1s)
step 24200/38562 train_loss=0.7136 train_acc=0.7368 lr=9.23e-05 grad_norm=2.309 (8.86 steps/s, 2760.7s)
step 24400/38562 train_loss=0.7058 train_acc=0.7409 lr=9.01e-05 grad_norm=2.312 (8.68 steps/s, 2783.7s)
step 24600/38562 train_loss=0.7451 train_acc=0.7256 lr=8.78e-05 grad_norm=1.912 (8.02 steps/s, 2808.7s)
step 24800/38562 train_loss=0.7460 train_acc=0.7262 lr=8.56e-05 grad_norm=2.087 (8.31 steps/s, 2832.8s)
step 25000/38562 train_loss=0.7617 train_acc=0.7243 lr=8.34e-05 grad_norm=2.092 (8.87 steps/s, 2855.3s)
step 25200/38562 train_loss=0.7380 train_acc=0.7270 lr=8.12e-05 grad_norm=2.792 (8.71 steps/s, 2878.3s)
step 25400/38562 train_loss=0.6891 train_acc=0.7445 lr=7.90e-05 grad_norm=2.689 (8.52 steps/s, 2901.7s)
step 25600/38562 train_loss=0.7399 train_acc=0.7277 lr=7.69e-05 grad_norm=2.676 (8.25 steps/s, 2926.0s)
step 25800/38562 train_loss=0.7319 train_acc=0.7350 lr=7.47e-05 grad_norm=2.537 (8.93 steps/s, 2948.4s)
step 26000/38562 train_loss=0.7416 train_acc=0.7307 lr=7.26e-05 grad_norm=3.229 (9.47 steps/s, 2969.5s)
step 26200/38562 train_loss=0.7757 train_acc=0.7150 lr=7.05e-05 grad_norm=3.340 (7.86 steps/s, 2994.9s)
step 26400/38562 train_loss=0.8211 train_acc=0.7030 lr=6.85e-05 grad_norm=2.646 (8.25 steps/s, 3019.2s)
step 26600/38562 train_loss=0.8822 train_acc=0.6755 lr=6.64e-05 grad_norm=2.313 (9.17 steps/s, 3041.0s)
step 26800/38562 train_loss=0.8604 train_acc=0.6787 lr=6.44e-05 grad_norm=2.510 (7.68 steps/s, 3067.0s)
step 27000/38562 train_loss=0.7963 train_acc=0.7086 lr=6.24e-05 grad_norm=2.221 (8.96 steps/s, 3089.3s)
step 27200/38562 train_loss=0.8048 train_acc=0.7098 lr=6.04e-05 grad_norm=2.274 (8.62 steps/s, 3112.5s)
step 27400/38562 train_loss=0.7796 train_acc=0.7112 lr=5.84e-05 grad_norm=3.026 (9.95 steps/s, 3132.7s)
step 27600/38562 train_loss=0.7728 train_acc=0.7212 lr=5.65e-05 grad_norm=2.133 (8.88 steps/s, 3155.2s)
step 27800/38562 train_loss=0.7827 train_acc=0.7159 lr=5.46e-05 grad_norm=2.674 (8.49 steps/s, 3178.7s)
step 28000/38562 train_loss=0.8163 train_acc=0.7039 lr=5.27e-05 grad_norm=2.610 (7.40 steps/s, 3205.7s)
step 28200/38562 train_loss=0.7554 train_acc=0.7299 lr=5.09e-05 grad_norm=2.050 (8.91 steps/s, 3228.2s)
step 28400/38562 train_loss=0.7811 train_acc=0.7169 lr=4.90e-05 grad_norm=2.663 (8.42 steps/s, 3251.9s)
step 28600/38562 train_loss=0.7736 train_acc=0.7170 lr=4.72e-05 grad_norm=1.835 (7.84 steps/s, 3277.4s)
step 28800/38562 train_loss=0.7748 train_acc=0.7163 lr=4.54e-05 grad_norm=2.102 (9.06 steps/s, 3299.5s)
step 29000/38562 train_loss=0.7444 train_acc=0.7266 lr=4.37e-05 grad_norm=2.020 (8.65 steps/s, 3322.6s)
step 29200/38562 train_loss=0.7874 train_acc=0.7081 lr=4.20e-05 grad_norm=2.633 (7.89 steps/s, 3348.0s)
step 29400/38562 train_loss=0.7456 train_acc=0.7255 lr=4.03e-05 grad_norm=2.555 (8.64 steps/s, 3371.1s)
step 29600/38562 train_loss=0.7773 train_acc=0.7198 lr=3.86e-05 grad_norm=3.059 (9.00 steps/s, 3393.4s)
step 29800/38562 train_loss=0.7702 train_acc=0.7170 lr=3.70e-05 grad_norm=2.383 (9.15 steps/s, 3415.2s)
step 30000/38562 train_loss=0.7520 train_acc=0.7223 lr=3.54e-05 grad_norm=2.694 (7.67 steps/s, 3441.3s)
step 30000/38562 eval -- loss=0.7299 acc=0.7311 top3=0.9439 entropy_norm=0.4272 ece=0.0200 (majority baseline 0.381)
Writing model shards:   0%|          | 0/1 [00:00<?, ?it/s]Writing model shards: 100%|██████████| 1/1 [00:00<00:00, 25.69it/s]
checkpoint saved to models/il_alldays_equalsteps_0804 (best, eval_acc=0.7311)
step 30200/38562 train_loss=0.7634 train_acc=0.7214 lr=3.38e-05 grad_norm=2.552 (5.61 steps/s, 3477.0s)
step 30400/38562 train_loss=0.7262 train_acc=0.7360 lr=3.23e-05 grad_norm=2.193 (9.11 steps/s, 3498.9s)
step 30600/38562 train_loss=0.7536 train_acc=0.7224 lr=3.08e-05 grad_norm=2.184 (9.98 steps/s, 3519.0s)
step 30800/38562 train_loss=0.7186 train_acc=0.7372 lr=2.93e-05 grad_norm=3.288 (9.02 steps/s, 3541.1s)
step 31000/38562 train_loss=0.7324 train_acc=0.7335 lr=2.79e-05 grad_norm=2.836 (8.62 steps/s, 3564.3s)
step 31200/38562 train_loss=0.7548 train_acc=0.7275 lr=2.65e-05 grad_norm=2.540 (7.85 steps/s, 3589.8s)
step 31400/38562 train_loss=0.7633 train_acc=0.7218 lr=2.51e-05 grad_norm=2.594 (8.89 steps/s, 3612.3s)
step 31600/38562 train_loss=0.7573 train_acc=0.7217 lr=2.37e-05 grad_norm=2.719 (8.26 steps/s, 3636.5s)
step 31800/38562 train_loss=0.7330 train_acc=0.7284 lr=2.24e-05 grad_norm=2.485 (7.80 steps/s, 3662.2s)
step 32000/38562 train_loss=0.7321 train_acc=0.7314 lr=2.11e-05 grad_norm=2.213 (8.72 steps/s, 3685.1s)
step 32200/38562 train_loss=0.7056 train_acc=0.7393 lr=1.99e-05 grad_norm=2.056 (7.34 steps/s, 3712.3s)
step 32400/38562 train_loss=0.7172 train_acc=0.7338 lr=1.87e-05 grad_norm=2.434 (8.48 steps/s, 3735.9s)
step 32600/38562 train_loss=0.7723 train_acc=0.7172 lr=1.75e-05 grad_norm=2.114 (7.56 steps/s, 3762.4s)
step 32800/38562 train_loss=0.7639 train_acc=0.7158 lr=1.64e-05 grad_norm=3.038 (8.31 steps/s, 3786.4s)
step 33000/38562 train_loss=0.7349 train_acc=0.7292 lr=1.53e-05 grad_norm=2.091 (8.53 steps/s, 3809.9s)
step 33200/38562 train_loss=0.7346 train_acc=0.7282 lr=1.42e-05 grad_norm=2.706 (7.55 steps/s, 3836.4s)
step 33400/38562 train_loss=0.7509 train_acc=0.7267 lr=1.32e-05 grad_norm=2.320 (8.35 steps/s, 3860.3s)
step 33600/38562 train_loss=0.7581 train_acc=0.7240 lr=1.22e-05 grad_norm=2.997 (8.08 steps/s, 3885.1s)
step 33800/38562 train_loss=0.7779 train_acc=0.7148 lr=1.13e-05 grad_norm=2.487 (9.98 steps/s, 3905.1s)
step 34000/38562 train_loss=0.7474 train_acc=0.7302 lr=1.04e-05 grad_norm=2.834 (8.77 steps/s, 3927.9s)
step 34200/38562 train_loss=0.7488 train_acc=0.7309 lr=9.47e-06 grad_norm=2.596 (7.10 steps/s, 3956.1s)
step 34400/38562 train_loss=0.7402 train_acc=0.7280 lr=8.63e-06 grad_norm=2.817 (8.79 steps/s, 3978.8s)
step 34600/38562 train_loss=0.7464 train_acc=0.7268 lr=7.83e-06 grad_norm=2.320 (8.37 steps/s, 4002.7s)
step 34800/38562 train_loss=0.7584 train_acc=0.7218 lr=7.07e-06 grad_norm=2.544 (7.47 steps/s, 4029.5s)
step 35000/38562 train_loss=0.8296 train_acc=0.6922 lr=6.34e-06 grad_norm=2.331 (8.40 steps/s, 4053.3s)
step 35200/38562 train_loss=0.8195 train_acc=0.6980 lr=5.65e-06 grad_norm=2.354 (8.37 steps/s, 4077.2s)
step 35400/38562 train_loss=0.8005 train_acc=0.7115 lr=5.00e-06 grad_norm=2.617 (7.81 steps/s, 4102.8s)
step 35600/38562 train_loss=0.8182 train_acc=0.7012 lr=4.39e-06 grad_norm=2.369 (8.72 steps/s, 4125.7s)
step 35800/38562 train_loss=0.8481 train_acc=0.6919 lr=3.82e-06 grad_norm=2.329 (8.59 steps/s, 4149.0s)
step 36000/38562 train_loss=0.8002 train_acc=0.7051 lr=3.29e-06 grad_norm=2.795 (7.58 steps/s, 4175.4s)
step 36200/38562 train_loss=0.7705 train_acc=0.7220 lr=2.80e-06 grad_norm=2.466 (8.78 steps/s, 4198.2s)
step 36400/38562 train_loss=0.8099 train_acc=0.7033 lr=2.35e-06 grad_norm=2.970 (7.68 steps/s, 4224.2s)
step 36600/38562 train_loss=0.7982 train_acc=0.7080 lr=1.93e-06 grad_norm=2.676 (8.28 steps/s, 4248.4s)
step 36800/38562 train_loss=0.7666 train_acc=0.7238 lr=1.56e-06 grad_norm=2.842 (8.33 steps/s, 4272.4s)
step 37000/38562 train_loss=0.7760 train_acc=0.7192 lr=1.23e-06 grad_norm=1.875 (8.97 steps/s, 4294.7s)
step 37200/38562 train_loss=0.7829 train_acc=0.7125 lr=9.33e-07 grad_norm=2.702 (8.42 steps/s, 4318.4s)
step 37400/38562 train_loss=0.8534 train_acc=0.6880 lr=6.80e-07 grad_norm=2.856 (7.06 steps/s, 4346.7s)
step 37600/38562 train_loss=0.8449 train_acc=0.6913 lr=4.66e-07 grad_norm=2.016 (8.14 steps/s, 4371.3s)
step 37800/38562 train_loss=0.9005 train_acc=0.6715 lr=2.93e-07 grad_norm=2.504 (7.07 steps/s, 4399.6s)
step 38000/38562 train_loss=0.8574 train_acc=0.6900 lr=1.59e-07 grad_norm=2.485 (7.72 steps/s, 4425.5s)
step 38200/38562 train_loss=0.8593 train_acc=0.6822 lr=6.63e-08 grad_norm=2.360 (7.03 steps/s, 4454.0s)
step 38400/38562 train_loss=0.8315 train_acc=0.6963 lr=1.34e-08 grad_norm=2.429 (7.42 steps/s, 4480.9s)
step 38562/38562 eval -- loss=0.7008 acc=0.7414 top3=0.9484 entropy_norm=0.4242 ece=0.0124 (majority baseline 0.381)
Writing model shards:   0%|          | 0/1 [00:00<?, ?it/s]Writing model shards: 100%|██████████| 1/1 [00:00<00:00, 44.12it/s]
checkpoint saved to models/il_alldays_equalsteps_0804 (final, eval_acc=0.7414)
total training time: 4536.0s
