DECK POOL: K=8 (opponent-only) :: avikdas567_heuristic, pixiux_lucario_v63, pllinas_alakazam, tb_abomasnow, wmh_alakazam, wmh_garchomp, wmh_mewtwo, wmh_ogerpon
/Users/ramiismael/projects/kaggle/Pokemon_TCG_Kaggle_Competition_2026/.venv-ppo/lib/python3.12/site-packages/torch/cuda/__init__.py:64: FutureWarning: The pynvml package is deprecated. Please install nvidia-ml-py instead. If you did not install pynvml directly, please report this to the maintainers of the package that installed pynvml for you.
  import pynvml  # type: ignore[import]
/Users/ramiismael/projects/kaggle/Pokemon_TCG_Kaggle_Competition_2026/.venv-ppo/lib/python3.12/site-packages/torch/cuda/__init__.py:64: FutureWarning: The pynvml package is deprecated. Please install nvidia-ml-py instead. If you did not install pynvml directly, please report this to the maintainers of the package that installed pynvml for you.
  import pynvml  # type: ignore[import]
/Users/ramiismael/projects/kaggle/Pokemon_TCG_Kaggle_Competition_2026/.venv-ppo/lib/python3.12/site-packages/torch/cuda/__init__.py:64: FutureWarning: The pynvml package is deprecated. Please install nvidia-ml-py instead. If you did not install pynvml directly, please report this to the maintainers of the package that installed pynvml for you.
  import pynvml  # type: ignore[import]
/Users/ramiismael/projects/kaggle/Pokemon_TCG_Kaggle_Competition_2026/.venv-ppo/lib/python3.12/site-packages/torch/cuda/__init__.py:64: FutureWarning: The pynvml package is deprecated. Please install nvidia-ml-py instead. If you did not install pynvml directly, please report this to the maintainers of the package that installed pynvml for you.
  import pynvml  # type: ignore[import]
/Users/ramiismael/projects/kaggle/Pokemon_TCG_Kaggle_Competition_2026/.venv-ppo/lib/python3.12/site-packages/torch/cuda/__init__.py:64: FutureWarning: The pynvml package is deprecated. Please install nvidia-ml-py instead. If you did not install pynvml directly, please report this to the maintainers of the package that installed pynvml for you.
  import pynvml  # type: ignore[import]
/Users/ramiismael/projects/kaggle/Pokemon_TCG_Kaggle_Competition_2026/.venv-ppo/lib/python3.12/site-packages/torch/cuda/__init__.py:64: FutureWarning: The pynvml package is deprecated. Please install nvidia-ml-py instead. If you did not install pynvml directly, please report this to the maintainers of the package that installed pynvml for you.
  import pynvml  # type: ignore[import]
/Users/ramiismael/projects/kaggle/Pokemon_TCG_Kaggle_Competition_2026/.venv-ppo/lib/python3.12/site-packages/torch/cuda/__init__.py:64: FutureWarning: The pynvml package is deprecated. Please install nvidia-ml-py instead. If you did not install pynvml directly, please report this to the maintainers of the package that installed pynvml for you.
  import pynvml  # type: ignore[import]
/Users/ramiismael/projects/kaggle/Pokemon_TCG_Kaggle_Competition_2026/.venv-ppo/lib/python3.12/site-packages/torch/cuda/__init__.py:64: FutureWarning: The pynvml package is deprecated. Please install nvidia-ml-py instead. If you did not install pynvml directly, please report this to the maintainers of the package that installed pynvml for you.
  import pynvml  # type: ignore[import]
[kaggle_environments.envs.open_spiel_env.open_spiel_env] INFO: Successfully loaded OpenSpiel environments: 41.
[kaggle_environments.envs.open_spiel_env.open_spiel_env] INFO: OpenSpiel games skipped: 0.
[kaggle_environments.envs.open_spiel_env.open_spiel_env] INFO: Successfully loaded OpenSpiel environments: 41.
[kaggle_environments.envs.open_spiel_env.open_spiel_env] INFO: OpenSpiel games skipped: 0.
[kaggle_environments.envs.open_spiel_env.open_spiel_env] INFO: Successfully loaded OpenSpiel environments: 41.
[kaggle_environments.envs.open_spiel_env.open_spiel_env] INFO: OpenSpiel games skipped: 0.
[kaggle_environments.envs.open_spiel_env.open_spiel_env] INFO: Successfully loaded OpenSpiel environments: 41.
[kaggle_environments.envs.open_spiel_env.open_spiel_env] INFO: OpenSpiel games skipped: 0.
[kaggle_environments.envs.open_spiel_env.open_spiel_env] INFO: Successfully loaded OpenSpiel environments: 41.
[kaggle_environments.envs.open_spiel_env.open_spiel_env] INFO: OpenSpiel games skipped: 0.
[kaggle_environments.envs.open_spiel_env.open_spiel_env] INFO: Successfully loaded OpenSpiel environments: 41.
[kaggle_environments.envs.open_spiel_env.open_spiel_env] INFO: OpenSpiel games skipped: 0.
[kaggle_environments.envs.open_spiel_env.open_spiel_env] INFO: Successfully loaded OpenSpiel environments: 41.
[kaggle_environments.envs.open_spiel_env.open_spiel_env] INFO: OpenSpiel games skipped: 0.
[kaggle_environments.envs.open_spiel_env.open_spiel_env] INFO: Successfully loaded OpenSpiel environments: 41.
[kaggle_environments.envs.open_spiel_env.open_spiel_env] INFO: OpenSpiel games skipped: 0.
Loading weights:   0%|          | 0/122 [00:00<?, ?it/s]Loading weights:   0%|          | 0/122 [00:00<?, ?it/s]Loading weights:   0%|          | 0/122 [00:00<?, ?it/s]Loading weights:   0%|          | 0/122 [00:00<?, ?it/s]Loading weights:   0%|          | 0/122 [00:00<?, ?it/s]Loading weights:   0%|          | 0/122 [00:00<?, ?it/s]Loading weights:   0%|          | 0/122 [00:00<?, ?it/s]Loading weights:   0%|          | 0/122 [00:00<?, ?it/s]Loading weights: 100%|██████████| 122/122 [00:00<00:00, 13508.94it/s]
Loading weights: 100%|██████████| 122/122 [00:00<00:00, 13934.94it/s]
Loading weights: 100%|██████████| 122/122 [00:00<00:00, 11527.75it/s]
Loading weights: 100%|██████████| 122/122 [00:00<00:00, 11550.64it/s]
Loading weights: 100%|██████████| 122/122 [00:00<00:00, 12400.76it/s]
Loading weights: 100%|██████████| 122/122 [00:00<00:00, 10765.26it/s]
Loading weights: 100%|██████████| 122/122 [00:00<00:00, 8385.45it/s]
Loading weights: 100%|██████████| 122/122 [00:00<00:00, 11266.07it/s]
u500736_final vs il_agent: 484W/316L/0D of 800 (400 mirrored pairs)  win_rate=0.605 95% CI [0.571, 0.638]
  seat0 0.605  seat1 0.605  opp fallback 12/47285  learner fallback 0/55398  [91s]
saved: reports/deckdiv/holdout_armA.json
