DECK POOL: K=8 (opponent-only) :: avikdas567_heuristic, pixiux_lucario_v63, pllinas_alakazam, tb_abomasnow, wmh_alakazam, wmh_garchomp, wmh_mewtwo, wmh_ogerpon
/Users/ramiismael/projects/kaggle/Pokemon_TCG_Kaggle_Competition_2026/.venv-ppo/lib/python3.12/site-packages/torch/cuda/__init__.py:64: FutureWarning: The pynvml package is deprecated. Please install nvidia-ml-py instead. If you did not install pynvml directly, please report this to the maintainers of the package that installed pynvml for you.
  import pynvml  # type: ignore[import]
/Users/ramiismael/projects/kaggle/Pokemon_TCG_Kaggle_Competition_2026/.venv-ppo/lib/python3.12/site-packages/torch/cuda/__init__.py:64: FutureWarning: The pynvml package is deprecated. Please install nvidia-ml-py instead. If you did not install pynvml directly, please report this to the maintainers of the package that installed pynvml for you.
  import pynvml  # type: ignore[import]
/Users/ramiismael/projects/kaggle/Pokemon_TCG_Kaggle_Competition_2026/.venv-ppo/lib/python3.12/site-packages/torch/cuda/__init__.py:64: FutureWarning: The pynvml package is deprecated. Please install nvidia-ml-py instead. If you did not install pynvml directly, please report this to the maintainers of the package that installed pynvml for you.
  import pynvml  # type: ignore[import]
/Users/ramiismael/projects/kaggle/Pokemon_TCG_Kaggle_Competition_2026/.venv-ppo/lib/python3.12/site-packages/torch/cuda/__init__.py:64: FutureWarning: The pynvml package is deprecated. Please install nvidia-ml-py instead. If you did not install pynvml directly, please report this to the maintainers of the package that installed pynvml for you.
  import pynvml  # type: ignore[import]
/Users/ramiismael/projects/kaggle/Pokemon_TCG_Kaggle_Competition_2026/.venv-ppo/lib/python3.12/site-packages/torch/cuda/__init__.py:64: FutureWarning: The pynvml package is deprecated. Please install nvidia-ml-py instead. If you did not install pynvml directly, please report this to the maintainers of the package that installed pynvml for you.
  import pynvml  # type: ignore[import]
/Users/ramiismael/projects/kaggle/Pokemon_TCG_Kaggle_Competition_2026/.venv-ppo/lib/python3.12/site-packages/torch/cuda/__init__.py:64: FutureWarning: The pynvml package is deprecated. Please install nvidia-ml-py instead. If you did not install pynvml directly, please report this to the maintainers of the package that installed pynvml for you.
  import pynvml  # type: ignore[import]
/Users/ramiismael/projects/kaggle/Pokemon_TCG_Kaggle_Competition_2026/.venv-ppo/lib/python3.12/site-packages/torch/cuda/__init__.py:64: FutureWarning: The pynvml package is deprecated. Please install nvidia-ml-py instead. If you did not install pynvml directly, please report this to the maintainers of the package that installed pynvml for you.
  import pynvml  # type: ignore[import]
/Users/ramiismael/projects/kaggle/Pokemon_TCG_Kaggle_Competition_2026/.venv-ppo/lib/python3.12/site-packages/torch/cuda/__init__.py:64: FutureWarning: The pynvml package is deprecated. Please install nvidia-ml-py instead. If you did not install pynvml directly, please report this to the maintainers of the package that installed pynvml for you.
  import pynvml  # type: ignore[import]
[kaggle_environments.envs.open_spiel_env.open_spiel_env] INFO: Successfully loaded OpenSpiel environments: 41.
[kaggle_environments.envs.open_spiel_env.open_spiel_env] INFO: OpenSpiel games skipped: 0.
[kaggle_environments.envs.open_spiel_env.open_spiel_env] INFO: Successfully loaded OpenSpiel environments: 41.
[kaggle_environments.envs.open_spiel_env.open_spiel_env] INFO: OpenSpiel games skipped: 0.
[kaggle_environments.envs.open_spiel_env.open_spiel_env] INFO: Successfully loaded OpenSpiel environments: 41.
[kaggle_environments.envs.open_spiel_env.open_spiel_env] INFO: OpenSpiel games skipped: 0.
[kaggle_environments.envs.open_spiel_env.open_spiel_env] INFO: Successfully loaded OpenSpiel environments: 41.
[kaggle_environments.envs.open_spiel_env.open_spiel_env] INFO: OpenSpiel games skipped: 0.
[kaggle_environments.envs.open_spiel_env.open_spiel_env] INFO: Successfully loaded OpenSpiel environments: 41.
[kaggle_environments.envs.open_spiel_env.open_spiel_env] INFO: Successfully loaded OpenSpiel environments: 41.
[kaggle_environments.envs.open_spiel_env.open_spiel_env] INFO: OpenSpiel games skipped: 0.
[kaggle_environments.envs.open_spiel_env.open_spiel_env] INFO: OpenSpiel games skipped: 0.
[kaggle_environments.envs.open_spiel_env.open_spiel_env] INFO: Successfully loaded OpenSpiel environments: 41.
[kaggle_environments.envs.open_spiel_env.open_spiel_env] INFO: OpenSpiel games skipped: 0.
[kaggle_environments.envs.open_spiel_env.open_spiel_env] INFO: Successfully loaded OpenSpiel environments: 41.
[kaggle_environments.envs.open_spiel_env.open_spiel_env] INFO: OpenSpiel games skipped: 0.
Loading weights:   0%|          | 0/122 [00:00<?, ?it/s]Loading weights: 100%|██████████| 122/122 [00:00<00:00, 7881.12it/s]
Loading weights:   0%|          | 0/122 [00:00<?, ?it/s]Loading weights: 100%|██████████| 122/122 [00:00<00:00, 16742.09it/s]
Loading weights:   0%|          | 0/122 [00:00<?, ?it/s]Loading weights:   0%|          | 0/122 [00:00<?, ?it/s]Loading weights:   0%|          | 0/122 [00:00<?, ?it/s]Loading weights:   0%|          | 0/122 [00:00<?, ?it/s]Loading weights:   0%|          | 0/122 [00:00<?, ?it/s]Loading weights:   0%|          | 0/122 [00:00<?, ?it/s]Loading weights: 100%|██████████| 122/122 [00:00<00:00, 16827.98it/s]
Loading weights: 100%|██████████| 122/122 [00:00<00:00, 25383.46it/s]
Loading weights: 100%|██████████| 122/122 [00:00<00:00, 18543.40it/s]
Loading weights: 100%|██████████| 122/122 [00:00<00:00, 19667.35it/s]
Loading weights: 100%|██████████| 122/122 [00:00<00:00, 22234.51it/s]
Loading weights: 100%|██████████| 122/122 [00:00<00:00, 20189.59it/s]
u500736_final vs il_agent: 449W/351L/0D of 800 (400 mirrored pairs)  win_rate=0.561 95% CI [0.527, 0.595]
  seat0 0.583  seat1 0.540  opp fallback 23/46364  learner fallback 1/55227  [90s]
saved: reports/deckdiv/holdout_armB.json
